2026-07-28 15:45:15,488+0000 INFO  [quartz-13-thread-16]  *TASK org.sonatype.nexus.repository.content.tasks.normalize.NormalizeComponentVersionTask - Task information:
2026-07-28 15:45:15,489+0000 INFO  [quartz-13-thread-16]  *TASK org.sonatype.nexus.repository.content.tasks.normalize.NormalizeComponentVersionTask -  ID: 7f969b0c-b40f-4985-a08e-e0e93aa977a4
2026-07-28 15:45:15,492+0000 INFO  [quartz-13-thread-16]  *TASK org.sonatype.nexus.repository.content.tasks.normalize.NormalizeComponentVersionTask -  Type: component.normalize.version
2026-07-28 15:45:15,492+0000 INFO  [quartz-13-thread-16]  *TASK org.sonatype.nexus.repository.content.tasks.normalize.NormalizeComponentVersionTask -  Name: Repair - Normalize component versions for retain-n
2026-07-28 15:45:15,492+0000 INFO  [quartz-13-thread-16]  *TASK org.sonatype.nexus.repository.content.tasks.normalize.NormalizeComponentVersionTask -  Description: populate normalized_version column on {format}_component tables
2026-07-28 15:45:15,492+0000 INFO  [quartz-13-thread-16]  *TASK org.sonatype.nexus.repository.content.tasks.normalize.NormalizeComponentVersionTask - Task configuration: {.updated=2026-07-28T15:45:15.477Z, .name=Repair - Normalize component versions for retain-n, .recoverable=false, .message=populate normalized_version column on {format}_component tables, .id=7f969b0c-b40f-4985-a08e-e0e93aa977a4, .typeName=Repair - Normalize component versions for retain-n, .visible=false, .typeId=component.normalize.version, .exposed=false, .created=2026-07-28T15:45:15.477Z}
2026-07-28 15:45:15,493+0000 INFO  [quartz-13-thread-16]  *TASK org.sonatype.nexus.repository.content.tasks.normalize.NormalizeComponentVersionTask - normalizing cocoapods components version
2026-07-28 15:45:15,502+0000 INFO  [quartz-13-thread-16]  *TASK org.sonatype.nexus.repository.content.tasks.normalize.NormalizeComponentVersionTask - found 0 unnormalized records on cocoapods components
2026-07-28 15:45:15,507+0000 INFO  [quartz-13-thread-16]  *TASK org.sonatype.nexus.repository.content.tasks.normalize.NormalizeComponentVersionTask - normalizing p2 components version
2026-07-28 15:45:15,510+0000 INFO  [quartz-13-thread-16]  *TASK org.sonatype.nexus.repository.content.tasks.normalize.NormalizeComponentVersionTask - found 0 unnormalized records on p2 components
2026-07-28 15:45:15,510+0000 INFO  [quartz-13-thread-16]  *TASK org.sonatype.nexus.repository.content.tasks.normalize.NormalizeComponentVersionTask - normalizing conan components version
2026-07-28 15:45:15,513+0000 INFO  [quartz-13-thread-16]  *TASK org.sonatype.nexus.repository.content.tasks.normalize.NormalizeComponentVersionTask - found 0 unnormalized records on conan components
2026-07-28 15:45:15,513+0000 INFO  [quartz-13-thread-16]  *TASK org.sonatype.nexus.repository.content.tasks.normalize.NormalizeComponentVersionTask - normalizing maven2 components version
2026-07-28 15:45:15,517+0000 INFO  [quartz-13-thread-16]  *TASK org.sonatype.nexus.repository.content.tasks.normalize.NormalizeComponentVersionTask - found 0 unnormalized records on maven2 components
2026-07-28 15:45:15,518+0000 INFO  [quartz-13-thread-16]  *TASK org.sonatype.nexus.repository.content.tasks.normalize.NormalizeComponentVersionTask - normalizing rubygems components version
2026-07-28 15:45:15,519+0000 INFO  [quartz-13-thread-16]  *TASK org.sonatype.nexus.repository.content.tasks.normalize.NormalizeComponentVersionTask - found 0 unnormalized records on rubygems components
2026-07-28 15:45:15,520+0000 INFO  [quartz-13-thread-16]  *TASK org.sonatype.nexus.repository.content.tasks.normalize.NormalizeComponentVersionTask - normalizing helm components version
2026-07-28 15:45:15,522+0000 INFO  [quartz-13-thread-16]  *TASK org.sonatype.nexus.repository.content.tasks.normalize.NormalizeComponentVersionTask - found 0 unnormalized records on helm components
2026-07-28 15:45:15,523+0000 INFO  [quartz-13-thread-16]  *TASK org.sonatype.nexus.repository.content.tasks.normalize.NormalizeComponentVersionTask - normalizing docker components version
2026-07-28 15:45:15,525+0000 INFO  [quartz-13-thread-16]  *TASK org.sonatype.nexus.repository.content.tasks.normalize.NormalizeComponentVersionTask - found 0 unnormalized records on docker components
2026-07-28 15:45:15,525+0000 INFO  [quartz-13-thread-16]  *TASK org.sonatype.nexus.repository.content.tasks.normalize.NormalizeComponentVersionTask - normalizing yum components version
2026-07-28 15:45:15,527+0000 INFO  [quartz-13-thread-16]  *TASK org.sonatype.nexus.repository.content.tasks.normalize.NormalizeComponentVersionTask - found 0 unnormalized records on yum components
2026-07-28 15:45:15,533+0000 INFO  [quartz-13-thread-16]  *TASK org.sonatype.nexus.repository.content.tasks.normalize.NormalizeComponentVersionTask - normalizing oci components version
2026-07-28 15:45:15,554+0000 INFO  [quartz-13-thread-16]  *TASK org.sonatype.nexus.repository.content.tasks.normalize.NormalizeComponentVersionTask - found 0 unnormalized records on oci components
2026-07-28 15:45:15,562+0000 INFO  [quartz-13-thread-16]  *TASK org.sonatype.nexus.repository.content.tasks.normalize.NormalizeComponentVersionTask - normalizing conda components version
2026-07-28 15:45:15,571+0000 INFO  [quartz-13-thread-16]  *TASK org.sonatype.nexus.repository.content.tasks.normalize.NormalizeComponentVersionTask - found 0 unnormalized records on conda components
2026-07-28 15:45:15,574+0000 INFO  [quartz-13-thread-16]  *TASK org.sonatype.nexus.repository.content.tasks.normalize.NormalizeComponentVersionTask - normalizing cargo components version
2026-07-28 15:45:15,577+0000 INFO  [quartz-13-thread-16]  *TASK org.sonatype.nexus.repository.content.tasks.normalize.NormalizeComponentVersionTask - found 0 unnormalized records on cargo components
2026-07-28 15:45:15,579+0000 INFO  [quartz-13-thread-16]  *TASK org.sonatype.nexus.repository.content.tasks.normalize.NormalizeComponentVersionTask - normalizing swift components version
2026-07-28 15:45:15,585+0000 INFO  [quartz-13-thread-16]  *TASK org.sonatype.nexus.repository.content.tasks.normalize.NormalizeComponentVersionTask - found 0 unnormalized records on swift components
2026-07-28 15:45:15,586+0000 INFO  [quartz-13-thread-16]  *TASK org.sonatype.nexus.repository.content.tasks.normalize.NormalizeComponentVersionTask - normalizing ansiblegalaxy components version
2026-07-28 15:45:15,588+0000 INFO  [quartz-13-thread-16]  *TASK org.sonatype.nexus.repository.content.tasks.normalize.NormalizeComponentVersionTask - found 0 unnormalized records on ansiblegalaxy components
2026-07-28 15:45:15,588+0000 INFO  [quartz-13-thread-16]  *TASK org.sonatype.nexus.repository.content.tasks.normalize.NormalizeComponentVersionTask - normalizing apt components version
2026-07-28 15:45:15,590+0000 INFO  [quartz-13-thread-16]  *TASK org.sonatype.nexus.repository.content.tasks.normalize.NormalizeComponentVersionTask - found 0 unnormalized records on apt components
2026-07-28 15:45:15,590+0000 INFO  [quartz-13-thread-16]  *TASK org.sonatype.nexus.repository.content.tasks.normalize.NormalizeComponentVersionTask - normalizing composer components version
2026-07-28 15:45:15,592+0000 INFO  [quartz-13-thread-16]  *TASK org.sonatype.nexus.repository.content.tasks.normalize.NormalizeComponentVersionTask - found 0 unnormalized records on composer components
2026-07-28 15:45:15,592+0000 INFO  [quartz-13-thread-16]  *TASK org.sonatype.nexus.repository.content.tasks.normalize.NormalizeComponentVersionTask - normalizing gitlfs components version
2026-07-28 15:45:15,594+0000 INFO  [quartz-13-thread-16]  *TASK org.sonatype.nexus.repository.content.tasks.normalize.NormalizeComponentVersionTask - found 0 unnormalized records on gitlfs components
2026-07-28 15:45:15,594+0000 INFO  [quartz-13-thread-16]  *TASK org.sonatype.nexus.repository.content.tasks.normalize.NormalizeComponentVersionTask - normalizing go components version
2026-07-28 15:45:15,600+0000 INFO  [quartz-13-thread-16]  *TASK org.sonatype.nexus.repository.content.tasks.normalize.NormalizeComponentVersionTask - found 0 unnormalized records on go components
2026-07-28 15:45:15,601+0000 INFO  [quartz-13-thread-16]  *TASK org.sonatype.nexus.repository.content.tasks.normalize.NormalizeComponentVersionTask - normalizing raw components version
2026-07-28 15:45:15,607+0000 INFO  [quartz-13-thread-16]  *TASK org.sonatype.nexus.repository.content.tasks.normalize.NormalizeComponentVersionTask - found 0 unnormalized records on raw components
2026-07-28 15:45:15,609+0000 INFO  [quartz-13-thread-16]  *TASK org.sonatype.nexus.repository.content.tasks.normalize.NormalizeComponentVersionTask - normalizing npm components version
2026-07-28 15:45:15,613+0000 INFO  [quartz-13-thread-16]  *TASK org.sonatype.nexus.repository.content.tasks.normalize.NormalizeComponentVersionTask - found 0 unnormalized records on npm components
2026-07-28 15:45:15,617+0000 INFO  [quartz-13-thread-16]  *TASK org.sonatype.nexus.repository.content.tasks.normalize.NormalizeComponentVersionTask - normalizing huggingface components version
2026-07-28 15:45:15,622+0000 INFO  [quartz-13-thread-16]  *TASK org.sonatype.nexus.repository.content.tasks.normalize.NormalizeComponentVersionTask - found 0 unnormalized records on huggingface components
2026-07-28 15:45:15,623+0000 INFO  [quartz-13-thread-16]  *TASK org.sonatype.nexus.repository.content.tasks.normalize.NormalizeComponentVersionTask - normalizing nuget components version
2026-07-28 15:45:15,630+0000 INFO  [quartz-13-thread-16]  *TASK org.sonatype.nexus.repository.content.tasks.normalize.NormalizeComponentVersionTask - found 0 unnormalized records on nuget components
2026-07-28 15:45:15,633+0000 INFO  [quartz-13-thread-16]  *TASK org.sonatype.nexus.repository.content.tasks.normalize.NormalizeComponentVersionTask - normalizing r components version
2026-07-28 15:45:15,636+0000 INFO  [quartz-13-thread-16]  *TASK org.sonatype.nexus.repository.content.tasks.normalize.NormalizeComponentVersionTask - found 0 unnormalized records on r components
2026-07-28 15:45:15,637+0000 INFO  [quartz-13-thread-16]  *TASK org.sonatype.nexus.repository.content.tasks.normalize.NormalizeComponentVersionTask - normalizing pypi components version
2026-07-28 15:45:15,639+0000 INFO  [quartz-13-thread-16]  *TASK org.sonatype.nexus.repository.content.tasks.normalize.NormalizeComponentVersionTask - found 0 unnormalized records on pypi components
2026-07-28 15:45:15,640+0000 INFO  [quartz-13-thread-16]  *TASK org.sonatype.nexus.repository.content.tasks.normalize.NormalizeComponentVersionTask - normalizing alpine components version
2026-07-28 15:45:15,642+0000 INFO  [quartz-13-thread-16]  *TASK org.sonatype.nexus.repository.content.tasks.normalize.NormalizeComponentVersionTask - found 0 unnormalized records on alpine components
2026-07-28 15:45:15,643+0000 INFO  [quartz-13-thread-16]  *TASK org.sonatype.nexus.repository.content.tasks.normalize.NormalizeComponentVersionTask - normalizing terraform components version
2026-07-28 15:45:15,644+0000 INFO  [quartz-13-thread-16]  *TASK org.sonatype.nexus.repository.content.tasks.normalize.NormalizeComponentVersionTask - found 0 unnormalized records on terraform components
2026-07-28 15:45:15,645+0000 INFO  [quartz-13-thread-16]  *TASK org.sonatype.nexus.repository.content.tasks.normalize.NormalizeComponentVersionTask - normalizing pub components version
2026-07-28 15:45:15,646+0000 INFO  [quartz-13-thread-16]  *TASK org.sonatype.nexus.repository.content.tasks.normalize.NormalizeComponentVersionTask - found 0 unnormalized records on pub components
2026-07-28 15:45:15,647+0000 INFO  [quartz-13-thread-16]  *TASK org.sonatype.nexus.repository.content.tasks.normalize.NormalizeComponentVersionTask - Task complete
