2026-07-28 15:45:14,865+0000 INFO  [quartz-13-thread-6]  *TASK org.sonatype.nexus.repository.content.tasks.CreateComponentIndexTask - Task information:
2026-07-28 15:45:14,867+0000 INFO  [quartz-13-thread-6]  *TASK org.sonatype.nexus.repository.content.tasks.CreateComponentIndexTask -  ID: f7a62579-5bbf-4e1f-8e48-84209f15761d
2026-07-28 15:45:14,867+0000 INFO  [quartz-13-thread-6]  *TASK org.sonatype.nexus.repository.content.tasks.CreateComponentIndexTask -  Type: create.component.index.task
2026-07-28 15:45:14,867+0000 INFO  [quartz-13-thread-6]  *TASK org.sonatype.nexus.repository.content.tasks.CreateComponentIndexTask -  Name: Repair - Recreate component indexes for performance
2026-07-28 15:45:14,867+0000 INFO  [quartz-13-thread-6]  *TASK org.sonatype.nexus.repository.content.tasks.CreateComponentIndexTask -  Description: Create new indexes for querying the various format component tables by full coordinates
2026-07-28 15:45:14,867+0000 INFO  [quartz-13-thread-6]  *TASK org.sonatype.nexus.repository.content.tasks.CreateComponentIndexTask - Task configuration: {.updated=2026-07-28T15:45:14.838Z, .name=Repair - Recreate component indexes for performance, .recoverable=false, .message=Create new indexes for querying the various format component tables by full coordinates, .id=f7a62579-5bbf-4e1f-8e48-84209f15761d, .typeName=Repair - Recreate component indexes for performance, .visible=false, .typeId=create.component.index.task, .exposed=false, .created=2026-07-28T15:45:14.838Z}
2026-07-28 15:45:14,867+0000 INFO  [quartz-13-thread-6]  *TASK org.sonatype.nexus.repository.content.tasks.CreateComponentIndexService - Recreating component coordinate index for format: apt.  0% done
2026-07-28 15:45:14,869+0000 INFO  [quartz-13-thread-6]  *TASK org.sonatype.nexus.repository.content.tasks.CreateComponentIndexService - Recreating component coordinate index for format: maven2.  4% done
2026-07-28 15:45:14,869+0000 INFO  [quartz-13-thread-6]  *TASK org.sonatype.nexus.repository.content.tasks.CreateComponentIndexService - Recreating component coordinate index for format: raw.  8% done
2026-07-28 15:45:14,870+0000 INFO  [quartz-13-thread-6]  *TASK org.sonatype.nexus.repository.content.tasks.CreateComponentIndexService - Recreating component coordinate index for format: oci.  12% done
2026-07-28 15:45:14,870+0000 INFO  [quartz-13-thread-6]  *TASK org.sonatype.nexus.repository.content.tasks.CreateComponentIndexService - Recreating component coordinate index for format: alpine.  15% done
2026-07-28 15:45:14,870+0000 INFO  [quartz-13-thread-6]  *TASK org.sonatype.nexus.repository.content.tasks.CreateComponentIndexService - Recreating component coordinate index for format: ansiblegalaxy.  19% done
2026-07-28 15:45:14,870+0000 INFO  [quartz-13-thread-6]  *TASK org.sonatype.nexus.repository.content.tasks.CreateComponentIndexService - Recreating component coordinate index for format: cargo.  23% done
2026-07-28 15:45:14,870+0000 INFO  [quartz-13-thread-6]  *TASK org.sonatype.nexus.repository.content.tasks.CreateComponentIndexService - Recreating component coordinate index for format: cocoapods.  27% done
2026-07-28 15:45:14,870+0000 INFO  [quartz-13-thread-6]  *TASK org.sonatype.nexus.repository.content.tasks.CreateComponentIndexService - Recreating component coordinate index for format: composer.  31% done
2026-07-28 15:45:14,870+0000 INFO  [quartz-13-thread-6]  *TASK org.sonatype.nexus.repository.content.tasks.CreateComponentIndexService - Recreating component coordinate index for format: conan.  35% done
2026-07-28 15:45:14,871+0000 INFO  [quartz-13-thread-6]  *TASK org.sonatype.nexus.repository.content.tasks.CreateComponentIndexService - Recreating component coordinate index for format: conda.  38% done
2026-07-28 15:45:14,871+0000 INFO  [quartz-13-thread-6]  *TASK org.sonatype.nexus.repository.content.tasks.CreateComponentIndexService - Recreating component coordinate index for format: docker.  42% done
2026-07-28 15:45:14,871+0000 INFO  [quartz-13-thread-6]  *TASK org.sonatype.nexus.repository.content.tasks.CreateComponentIndexService - Recreating component coordinate index for format: gitlfs.  46% done
2026-07-28 15:45:14,871+0000 INFO  [quartz-13-thread-6]  *TASK org.sonatype.nexus.repository.content.tasks.CreateComponentIndexService - Recreating component coordinate index for format: go.  50% done
2026-07-28 15:45:14,871+0000 INFO  [quartz-13-thread-6]  *TASK org.sonatype.nexus.repository.content.tasks.CreateComponentIndexService - Recreating component coordinate index for format: helm.  54% done
2026-07-28 15:45:14,871+0000 INFO  [quartz-13-thread-6]  *TASK org.sonatype.nexus.repository.content.tasks.CreateComponentIndexService - Recreating component coordinate index for format: huggingface.  58% done
2026-07-28 15:45:14,871+0000 INFO  [quartz-13-thread-6]  *TASK org.sonatype.nexus.repository.content.tasks.CreateComponentIndexService - Recreating component coordinate index for format: npm.  62% done
2026-07-28 15:45:14,872+0000 INFO  [quartz-13-thread-6]  *TASK org.sonatype.nexus.repository.content.tasks.CreateComponentIndexService - Recreating component coordinate index for format: nuget.  65% done
2026-07-28 15:45:14,872+0000 INFO  [quartz-13-thread-6]  *TASK org.sonatype.nexus.repository.content.tasks.CreateComponentIndexService - Recreating component coordinate index for format: p2.  69% done
2026-07-28 15:45:14,872+0000 INFO  [quartz-13-thread-6]  *TASK org.sonatype.nexus.repository.content.tasks.CreateComponentIndexService - Recreating component coordinate index for format: pypi.  73% done
2026-07-28 15:45:14,872+0000 INFO  [quartz-13-thread-6]  *TASK org.sonatype.nexus.repository.content.tasks.CreateComponentIndexService - Recreating component coordinate index for format: pub.  77% done
2026-07-28 15:45:14,872+0000 INFO  [quartz-13-thread-6]  *TASK org.sonatype.nexus.repository.content.tasks.CreateComponentIndexService - Recreating component coordinate index for format: r.  81% done
2026-07-28 15:45:14,872+0000 INFO  [quartz-13-thread-6]  *TASK org.sonatype.nexus.repository.content.tasks.CreateComponentIndexService - Recreating component coordinate index for format: rubygems.  85% done
2026-07-28 15:45:14,873+0000 INFO  [quartz-13-thread-6]  *TASK org.sonatype.nexus.repository.content.tasks.CreateComponentIndexService - Recreating component coordinate index for format: swift.  88% done
2026-07-28 15:45:14,873+0000 INFO  [quartz-13-thread-6]  *TASK org.sonatype.nexus.repository.content.tasks.CreateComponentIndexService - Recreating component coordinate index for format: terraform.  92% done
2026-07-28 15:45:14,873+0000 INFO  [quartz-13-thread-6]  *TASK org.sonatype.nexus.repository.content.tasks.CreateComponentIndexService - Recreating component coordinate index for format: yum.  96% done
2026-07-28 15:45:14,873+0000 INFO  [quartz-13-thread-6]  *TASK org.sonatype.nexus.repository.content.tasks.CreateComponentIndexService - Recreating component coordinate index for all formats.  100% done
2026-07-28 15:45:14,873+0000 INFO  [quartz-13-thread-6]  *TASK org.sonatype.nexus.repository.content.tasks.CreateComponentIndexTask - Task complete
