2026-07-28 15:45:14,934+0000 INFO  [quartz-13-thread-8]  *TASK org.sonatype.nexus.repository.content.tasks.CreateAssetBlobIndexTask - Task information:
2026-07-28 15:45:14,936+0000 INFO  [quartz-13-thread-8]  *TASK org.sonatype.nexus.repository.content.tasks.CreateAssetBlobIndexTask -  ID: a9b25909-2416-422b-be28-16d2a576cd32
2026-07-28 15:45:14,936+0000 INFO  [quartz-13-thread-8]  *TASK org.sonatype.nexus.repository.content.tasks.CreateAssetBlobIndexTask -  Type: repository.asset.blob.index.migration
2026-07-28 15:45:14,936+0000 INFO  [quartz-13-thread-8]  *TASK org.sonatype.nexus.repository.content.tasks.CreateAssetBlobIndexTask -  Name: Create asset blob index for blob_created and asset_blob_id
2026-07-28 15:45:14,936+0000 INFO  [quartz-13-thread-8]  *TASK org.sonatype.nexus.repository.content.tasks.CreateAssetBlobIndexTask -  Description: Creating asset blob indexes for blob_created and asset_blob_id
2026-07-28 15:45:14,936+0000 INFO  [quartz-13-thread-8]  *TASK org.sonatype.nexus.repository.content.tasks.CreateAssetBlobIndexTask - Task configuration: {.updated=2026-07-28T15:45:14.918Z, .name=Create asset blob index for blob_created and asset_blob_id, .recoverable=true, .message=Creating asset blob indexes for blob_created and asset_blob_id, .id=a9b25909-2416-422b-be28-16d2a576cd32, .typeName=Create asset blob index for blob_created and asset_blob_id, .visible=true, .typeId=repository.asset.blob.index.migration, .exposed=false, .created=2026-07-28T15:45:14.918Z}
2026-07-28 15:45:14,944+0000 INFO  [quartz-13-thread-8]  *TASK org.sonatype.nexus.repository.content.tasks.CreateAssetBlobIndexTask - Created index idx_apt_asset_blob_blob_created_asset_id on table apt_asset_blob
2026-07-28 15:45:14,951+0000 INFO  [quartz-13-thread-8]  *TASK org.sonatype.nexus.repository.content.tasks.CreateAssetBlobIndexTask - Created index idx_maven2_asset_blob_blob_created_asset_id on table maven2_asset_blob
2026-07-28 15:45:14,956+0000 INFO  [quartz-13-thread-8]  *TASK org.sonatype.nexus.repository.content.tasks.CreateAssetBlobIndexTask - Created index idx_raw_asset_blob_blob_created_asset_id on table raw_asset_blob
2026-07-28 15:45:14,963+0000 INFO  [quartz-13-thread-8]  *TASK org.sonatype.nexus.repository.content.tasks.CreateAssetBlobIndexTask - Created index idx_oci_asset_blob_blob_created_asset_id on table oci_asset_blob
2026-07-28 15:45:14,967+0000 INFO  [quartz-13-thread-8]  *TASK org.sonatype.nexus.repository.content.tasks.CreateAssetBlobIndexTask - Created index idx_alpine_asset_blob_blob_created_asset_id on table alpine_asset_blob
2026-07-28 15:45:14,976+0000 INFO  [quartz-13-thread-8]  *TASK org.sonatype.nexus.repository.content.tasks.CreateAssetBlobIndexTask - Created index idx_ansiblegalaxy_asset_blob_blob_created_asset_id on table ansiblegalaxy_asset_blob
2026-07-28 15:45:14,983+0000 INFO  [quartz-13-thread-8]  *TASK org.sonatype.nexus.repository.content.tasks.CreateAssetBlobIndexTask - Created index idx_cargo_asset_blob_blob_created_asset_id on table cargo_asset_blob
2026-07-28 15:45:14,988+0000 INFO  [quartz-13-thread-8]  *TASK org.sonatype.nexus.repository.content.tasks.CreateAssetBlobIndexTask - Created index idx_cocoapods_asset_blob_blob_created_asset_id on table cocoapods_asset_blob
2026-07-28 15:45:14,993+0000 INFO  [quartz-13-thread-8]  *TASK org.sonatype.nexus.repository.content.tasks.CreateAssetBlobIndexTask - Created index idx_composer_asset_blob_blob_created_asset_id on table composer_asset_blob
2026-07-28 15:45:14,999+0000 INFO  [quartz-13-thread-8]  *TASK org.sonatype.nexus.repository.content.tasks.CreateAssetBlobIndexTask - Created index idx_conan_asset_blob_blob_created_asset_id on table conan_asset_blob
2026-07-28 15:45:15,007+0000 INFO  [quartz-13-thread-8]  *TASK org.sonatype.nexus.repository.content.tasks.CreateAssetBlobIndexTask - Created index idx_conda_asset_blob_blob_created_asset_id on table conda_asset_blob
2026-07-28 15:45:15,024+0000 INFO  [quartz-13-thread-8]  *TASK org.sonatype.nexus.repository.content.tasks.CreateAssetBlobIndexTask - Created index idx_docker_asset_blob_blob_created_asset_id on table docker_asset_blob
2026-07-28 15:45:15,048+0000 INFO  [quartz-13-thread-8]  *TASK org.sonatype.nexus.repository.content.tasks.CreateAssetBlobIndexTask - Created index idx_gitlfs_asset_blob_blob_created_asset_id on table gitlfs_asset_blob
2026-07-28 15:45:15,060+0000 INFO  [quartz-13-thread-8]  *TASK org.sonatype.nexus.repository.content.tasks.CreateAssetBlobIndexTask - Created index idx_go_asset_blob_blob_created_asset_id on table go_asset_blob
2026-07-28 15:45:15,068+0000 INFO  [quartz-13-thread-8]  *TASK org.sonatype.nexus.repository.content.tasks.CreateAssetBlobIndexTask - Created index idx_helm_asset_blob_blob_created_asset_id on table helm_asset_blob
2026-07-28 15:45:15,075+0000 INFO  [quartz-13-thread-8]  *TASK org.sonatype.nexus.repository.content.tasks.CreateAssetBlobIndexTask - Created index idx_huggingface_asset_blob_blob_created_asset_id on table huggingface_asset_blob
2026-07-28 15:45:15,086+0000 INFO  [quartz-13-thread-8]  *TASK org.sonatype.nexus.repository.content.tasks.CreateAssetBlobIndexTask - Created index idx_npm_asset_blob_blob_created_asset_id on table npm_asset_blob
2026-07-28 15:45:15,093+0000 INFO  [quartz-13-thread-8]  *TASK org.sonatype.nexus.repository.content.tasks.CreateAssetBlobIndexTask - Created index idx_nuget_asset_blob_blob_created_asset_id on table nuget_asset_blob
2026-07-28 15:45:15,103+0000 INFO  [quartz-13-thread-8]  *TASK org.sonatype.nexus.repository.content.tasks.CreateAssetBlobIndexTask - Created index idx_p2_asset_blob_blob_created_asset_id on table p2_asset_blob
2026-07-28 15:45:15,115+0000 INFO  [quartz-13-thread-8]  *TASK org.sonatype.nexus.repository.content.tasks.CreateAssetBlobIndexTask - Created index idx_pypi_asset_blob_blob_created_asset_id on table pypi_asset_blob
2026-07-28 15:45:15,127+0000 INFO  [quartz-13-thread-8]  *TASK org.sonatype.nexus.repository.content.tasks.CreateAssetBlobIndexTask - Created index idx_pub_asset_blob_blob_created_asset_id on table pub_asset_blob
2026-07-28 15:45:15,134+0000 INFO  [quartz-13-thread-8]  *TASK org.sonatype.nexus.repository.content.tasks.CreateAssetBlobIndexTask - Created index idx_r_asset_blob_blob_created_asset_id on table r_asset_blob
2026-07-28 15:45:15,142+0000 INFO  [quartz-13-thread-8]  *TASK org.sonatype.nexus.repository.content.tasks.CreateAssetBlobIndexTask - Created index idx_rubygems_asset_blob_blob_created_asset_id on table rubygems_asset_blob
2026-07-28 15:45:15,154+0000 INFO  [quartz-13-thread-8]  *TASK org.sonatype.nexus.repository.content.tasks.CreateAssetBlobIndexTask - Created index idx_swift_asset_blob_blob_created_asset_id on table swift_asset_blob
2026-07-28 15:45:15,169+0000 INFO  [quartz-13-thread-8]  *TASK org.sonatype.nexus.repository.content.tasks.CreateAssetBlobIndexTask - Created index idx_terraform_asset_blob_blob_created_asset_id on table terraform_asset_blob
2026-07-28 15:45:15,177+0000 INFO  [quartz-13-thread-8]  *TASK org.sonatype.nexus.repository.content.tasks.CreateAssetBlobIndexTask - Created index idx_yum_asset_blob_blob_created_asset_id on table yum_asset_blob
2026-07-28 15:45:15,178+0000 INFO  [quartz-13-thread-8]  *TASK org.sonatype.nexus.repository.content.tasks.CreateAssetBlobIndexTask - Created 26 asset blob indexes
2026-07-28 15:45:15,178+0000 INFO  [quartz-13-thread-8]  *TASK org.sonatype.nexus.repository.content.tasks.CreateAssetBlobIndexTask - Task complete
