2026-08-01 09:22:47,915+0000 WARN  [nexus housekeeper]  *SYSTEM com.zaxxer.hikari.pool.HikariPool - nexus - Thread starvation or clock leap detected (housekeeper delta=7m27s267ms238µs574ns).
2026-08-01 09:22:49,592+0000 INFO  [quartz-13-thread-15]  *TASK org.sonatype.nexus.quartz.internal.task.QuartzTaskInfo - Task 'Firewall Ignore Patterns' [firewall.ignore-patterns] state change WAITING -> RUNNING
2026-08-01 09:22:49,594+0000 INFO  [quartz-13-thread-20]  *TASK org.sonatype.nexus.quartz.internal.task.QuartzTaskInfo - Task 'ECR Token Refresh' [repository.docker.ecr.token.refresh] state change WAITING -> RUNNING
2026-08-01 09:22:49,591+0000 INFO  [quartz-13-thread-18]  *TASK org.sonatype.nexus.quartz.internal.task.QuartzTaskInfo - Task 'Cleanup unused maven2 blobs from nexus' [assetBlob.cleanup] state change WAITING -> RUNNING
2026-08-01 09:22:49,608+0000 INFO  [quartz-13-thread-19]  *TASK org.sonatype.nexus.quartz.internal.task.QuartzTaskInfo - Task 'Cleanup unused nuget blobs from nexus' [assetBlob.cleanup] state change WAITING -> RUNNING
2026-08-01 09:22:49,612+0000 INFO  [quartz-13-thread-16]  *TASK org.sonatype.nexus.quartz.internal.task.QuartzTaskInfo - Task 'Metric aggregation' [content.usage.aggregation] state change WAITING -> RUNNING
2026-08-01 09:22:49,653+0000 INFO  [quartz-13-thread-14]  *TASK org.sonatype.nexus.quartz.internal.task.QuartzTaskInfo - Task 'Task log cleanup' [tasklog.cleanup] state change WAITING -> RUNNING
2026-08-01 09:22:49,710+0000 INFO  [quartz-13-thread-17]  *TASK org.sonatype.nexus.quartz.internal.task.QuartzTaskInfo - Task 'Cleanup service' [repository.cleanup] state change WAITING -> RUNNING
2026-08-01 09:22:49,873+0000 INFO  [quartz-13-thread-14]  *TASK org.sonatype.nexus.tasklog.TaskLogCleanup - Cleaning up log files in /opt/sonatype/sonatype-work/nexus3/log/tasks older than 30 days
2026-08-01 09:22:49,873+0000 INFO  [quartz-13-thread-20]  *TASK org.sonatype.nexus.repository.aws.ecr.auth.EcrTokenRefreshTask - Task information:
2026-08-01 09:22:49,904+0000 INFO  [quartz-13-thread-15]  *TASK com.sonatype.nexus.clm.internal.FirewallIgnorePatternsTask - Task information:
2026-08-01 09:22:49,928+0000 INFO  [quartz-13-thread-14]  *TASK org.sonatype.nexus.quartz.internal.task.QuartzTaskInfo - Task 'Task log cleanup' [tasklog.cleanup] state change RUNNING -> WAITING (OK)
2026-08-01 09:22:50,007+0000 INFO  [quartz-13-thread-20]  *TASK org.sonatype.nexus.repository.aws.ecr.auth.EcrTokenRefreshTask -  ID: 598095c7-af5e-41e0-8038-4828f9dcd8d6
2026-08-01 09:22:50,007+0000 INFO  [quartz-13-thread-20]  *TASK org.sonatype.nexus.repository.aws.ecr.auth.EcrTokenRefreshTask -  Type: repository.docker.ecr.token.refresh
2026-08-01 09:22:50,008+0000 INFO  [quartz-13-thread-20]  *TASK org.sonatype.nexus.repository.aws.ecr.auth.EcrTokenRefreshTask -  Name: ECR Token Refresh
2026-08-01 09:22:50,008+0000 INFO  [quartz-13-thread-20]  *TASK org.sonatype.nexus.repository.aws.ecr.auth.EcrTokenRefreshTask -  Description: Proactively refresh ECR authorization tokens
2026-08-01 09:22:50,008+0000 INFO  [quartz-13-thread-20]  *TASK org.sonatype.nexus.repository.aws.ecr.auth.EcrTokenRefreshTask - Task configuration: {.name=ECR Token Refresh, lastRunState.runStarted=1785517514109, lastRunState.runScheduled=1785517513791, .id=598095c7-af5e-41e0-8038-4828f9dcd8d6, .typeName=Docker - ECR Token Refresh, .visible=true, .typeId=repository.docker.ecr.token.refresh, lastRunState.endState=OK, .updated=2026-07-28T15:45:14.503Z, .recoverable=true, .message=Proactively refresh ECR authorization tokens, lastRunState.runDuration=474, .exposed=true, .created=2026-07-28T15:45:14.503Z}
2026-08-01 09:22:50,013+0000 INFO  [quartz-13-thread-15]  *TASK com.sonatype.nexus.clm.internal.FirewallIgnorePatternsTask -  ID: 27070acc-d63d-47a9-9572-96ce059ff06a
2026-08-01 09:22:50,013+0000 INFO  [quartz-13-thread-15]  *TASK com.sonatype.nexus.clm.internal.FirewallIgnorePatternsTask -  Type: firewall.ignore-patterns
2026-08-01 09:22:50,013+0000 INFO  [quartz-13-thread-15]  *TASK com.sonatype.nexus.clm.internal.FirewallIgnorePatternsTask -  Name: Firewall Ignore Patterns
2026-08-01 09:22:50,013+0000 INFO  [quartz-13-thread-15]  *TASK com.sonatype.nexus.clm.internal.FirewallIgnorePatternsTask -  Description: Updating Firewall ignore patterns from IQ Server
2026-08-01 09:22:50,013+0000 INFO  [quartz-13-thread-15]  *TASK com.sonatype.nexus.clm.internal.FirewallIgnorePatternsTask - Task configuration: {.name=Firewall Ignore Patterns, lastRunState.runStarted=1785517514128, lastRunState.runScheduled=1785517513850, .id=27070acc-d63d-47a9-9572-96ce059ff06a, .typeName=Firewall ignore patterns, .visible=false, .typeId=firewall.ignore-patterns, lastRunState.endState=OK, .updated=2026-07-28T15:45:14.553Z, .recoverable=false, .message=Updating Firewall ignore patterns from IQ Server, lastRunState.runDuration=414, .exposed=false, .created=2026-07-28T15:45:14.553Z}
2026-08-01 09:22:50,021+0000 INFO  [quartz-13-thread-15]  *TASK com.sonatype.nexus.clm.internal.FirewallIgnorePatternsTask - Task log: /opt/sonatype/sonatype-work/nexus3/log/tasks/firewall.ignore-patterns-20260801092249895.log
2026-08-01 09:22:50,033+0000 INFO  [quartz-13-thread-20]  *TASK org.sonatype.nexus.repository.aws.ecr.auth.EcrTokenRefreshTask - Task log: /opt/sonatype/sonatype-work/nexus3/log/tasks/repository.docker.ecr.token.refresh-20260801092249869.log
2026-08-01 09:22:50,033+0000 INFO  [quartz-13-thread-20]  *TASK org.sonatype.nexus.repository.aws.ecr.auth.EcrTokenRefreshTask - [ECR Token Refresh] ========== TASK STARTED ========== | Mode: Scheduled | Refresh Horizon: PT6H
2026-08-01 09:22:50,037+0000 INFO  [quartz-13-thread-17]  *TASK org.sonatype.nexus.cleanup.internal.task.CleanupTask - Task log: /opt/sonatype/sonatype-work/nexus3/log/tasks/repository.cleanup-20260801092249872.log
2026-08-01 09:22:50,045+0000 WARN  [quartz-13-thread-15]  *TASK com.sonatype.nexus.clm.internal.FirewallIgnorePatternsUpdater - Could not update to latest ignore patterns from IQ Server, retrying later: IQ Server has not been configured
2026-08-01 09:22:50,045+0000 INFO  [quartz-13-thread-20]  *TASK org.sonatype.nexus.repository.aws.ecr.auth.EcrTokenRefreshTask - ECR token refresh completed: repositories=0, refreshed=0, errors=0, duration=11ms
2026-08-01 09:22:50,053+0000 INFO  [quartz-13-thread-20]  *TASK org.sonatype.nexus.quartz.internal.task.QuartzTaskInfo - Task 'ECR Token Refresh' [repository.docker.ecr.token.refresh] state change RUNNING -> WAITING (OK)
2026-08-01 09:22:50,054+0000 INFO  [quartz-13-thread-17]  *TASK org.sonatype.nexus.quartz.internal.task.QuartzTaskInfo - Task 'Cleanup service' [repository.cleanup] state change RUNNING -> WAITING (OK)
2026-08-01 09:22:50,056+0000 INFO  [quartz-13-thread-15]  *TASK org.sonatype.nexus.quartz.internal.task.QuartzTaskInfo - Task 'Firewall Ignore Patterns' [firewall.ignore-patterns] state change RUNNING -> WAITING (OK)
2026-08-01 09:22:50,090+0000 INFO  [quartz-13-thread-19]  *TASK org.sonatype.nexus.quartz.internal.task.QuartzTaskInfo - Task 'Cleanup unused nuget blobs from nexus' [assetBlob.cleanup] state change RUNNING -> WAITING (OK)
2026-08-01 09:22:50,104+0000 INFO  [quartz-13-thread-18]  *TASK org.sonatype.nexus.quartz.internal.task.QuartzTaskInfo - Task 'Cleanup unused maven2 blobs from nexus' [assetBlob.cleanup] state change RUNNING -> WAITING (OK)
2026-08-01 09:22:50,950+0000 INFO  [quartz-13-thread-16]  *TASK org.sonatype.nexus.quartz.internal.task.QuartzTaskInfo - Task 'Metric aggregation' [content.usage.aggregation] state change RUNNING -> WAITING (OK)
2026-08-01 09:25:01,738+0000 WARN  [nexus housekeeper]  *SYSTEM com.zaxxer.hikari.pool.HikariPool - nexus - Thread starvation or clock leap detected (housekeeper delta=1m12s913ms749µs858ns).
2026-08-01 09:25:02,404+0000 INFO  [periodic-10-thread-4]  *SYSTEM org.sonatype.nexus.internal.atlas.SystemInformationGeneratorImpl - Generating system information report
2026-08-01 09:29:54,775+0000 INFO  [qtp463657595-134]  *UNKNOWN org.sonatype.nexus.rapture.internal.security.SessionServlet - Session already expired or user not authenticated
2026-08-01 09:29:57,680+0000 INFO  [qtp463657595-153]  admin org.sonatype.nexus.rapture.internal.security.SessionServlet - Created session for user: admin
2026-08-01 09:30:00,088+0000 INFO  [quartz-13-thread-16]  *TASK org.sonatype.nexus.quartz.internal.task.QuartzTaskInfo - Task 'Cleanup unused maven2 blobs from nexus' [assetBlob.cleanup] state change WAITING -> RUNNING
2026-08-01 09:30:00,092+0000 INFO  [quartz-13-thread-19]  *TASK org.sonatype.nexus.quartz.internal.task.QuartzTaskInfo - Task 'Cleanup unused nuget blobs from nexus' [assetBlob.cleanup] state change WAITING -> RUNNING
2026-08-01 09:30:00,192+0000 INFO  [quartz-13-thread-16]  *TASK org.sonatype.nexus.quartz.internal.task.QuartzTaskInfo - Task 'Cleanup unused maven2 blobs from nexus' [assetBlob.cleanup] state change RUNNING -> WAITING (OK)
2026-08-01 09:30:00,199+0000 INFO  [quartz-13-thread-19]  *TASK org.sonatype.nexus.quartz.internal.task.QuartzTaskInfo - Task 'Cleanup unused nuget blobs from nexus' [assetBlob.cleanup] state change RUNNING -> WAITING (OK)
2026-08-01 09:46:50,248+0000 INFO  [quartz-13-thread-19]  *TASK org.sonatype.nexus.quartz.internal.task.QuartzTaskInfo - Task 'System - Repository Health Check: maven-central' [healthcheck] state change WAITING -> RUNNING
2026-08-01 09:46:50,594+0000 INFO  [quartz-13-thread-16]  *TASK org.sonatype.nexus.quartz.internal.task.QuartzTaskInfo - Task 'System - Repository Health Check: nuget.org-proxy' [healthcheck] state change WAITING -> RUNNING
2026-08-01 09:46:53,155+0000 INFO  [quartz-13-thread-19]  *TASK org.sonatype.nexus.scheduling.TaskSchedulerImpl - Task 'System - Repository Health Check: maven-central' [healthcheck] scheduled: hourly
2026-08-01 09:46:53,167+0000 INFO  [quartz-13-thread-19]  *TASK org.sonatype.nexus.quartz.internal.task.QuartzTaskInfo - Task 'System - Repository Health Check: maven-central' [healthcheck] state change RUNNING -> WAITING (OK)
2026-08-01 09:46:53,662+0000 INFO  [quartz-13-thread-16]  *TASK org.sonatype.nexus.scheduling.TaskSchedulerImpl - Task 'System - Repository Health Check: nuget.org-proxy' [healthcheck] scheduled: hourly
2026-08-01 09:46:53,664+0000 INFO  [quartz-13-thread-16]  *TASK org.sonatype.nexus.quartz.internal.task.QuartzTaskInfo - Task 'System - Repository Health Check: nuget.org-proxy' [healthcheck] state change RUNNING -> WAITING (OK)
2026-08-01 09:47:03,150+0000 INFO  [quartz-13-thread-16]  *TASK org.sonatype.nexus.quartz.internal.task.QuartzTaskInfo - Task 'System - Repository Health Check: maven-central' [healthcheck] state change WAITING -> RUNNING
2026-08-01 09:47:03,655+0000 INFO  [quartz-13-thread-19]  *TASK org.sonatype.nexus.quartz.internal.task.QuartzTaskInfo - Task 'System - Repository Health Check: nuget.org-proxy' [healthcheck] state change WAITING -> RUNNING
2026-08-01 09:47:03,864+0000 INFO  [quartz-13-thread-16]  *TASK com.sonatype.nexus.plugins.healthcheck.task.HealthCheckTask - Received health check report for repository maven-central
2026-08-01 09:47:03,871+0000 INFO  [quartz-13-thread-16]  *TASK org.sonatype.nexus.scheduling.TaskSchedulerImpl - Task 'System - Repository Health Check: maven-central' [healthcheck] scheduled: hourly
2026-08-01 09:47:03,873+0000 INFO  [quartz-13-thread-16]  *TASK org.sonatype.nexus.quartz.internal.task.QuartzTaskInfo - Task 'System - Repository Health Check: maven-central' [healthcheck] state change RUNNING -> WAITING (OK)
2026-08-01 09:47:04,321+0000 INFO  [quartz-13-thread-19]  *TASK com.sonatype.nexus.plugins.healthcheck.task.HealthCheckTask - Received health check report for repository nuget.org-proxy
2026-08-01 09:47:04,329+0000 INFO  [quartz-13-thread-19]  *TASK org.sonatype.nexus.scheduling.TaskSchedulerImpl - Task 'System - Repository Health Check: nuget.org-proxy' [healthcheck] scheduled: hourly
2026-08-01 09:47:04,331+0000 INFO  [quartz-13-thread-19]  *TASK org.sonatype.nexus.quartz.internal.task.QuartzTaskInfo - Task 'System - Repository Health Check: nuget.org-proxy' [healthcheck] state change RUNNING -> WAITING (OK)
2026-08-01 10:00:00,117+0000 INFO  [quartz-13-thread-19]  *TASK org.sonatype.nexus.quartz.internal.task.QuartzTaskInfo - Task 'Cleanup unused maven2 blobs from nexus' [assetBlob.cleanup] state change WAITING -> RUNNING
2026-08-01 10:00:00,127+0000 INFO  [quartz-13-thread-16]  *TASK org.sonatype.nexus.quartz.internal.task.QuartzTaskInfo - Task 'Cleanup unused nuget blobs from nexus' [assetBlob.cleanup] state change WAITING -> RUNNING
2026-08-01 10:00:00,313+0000 INFO  [quartz-13-thread-16]  *TASK org.sonatype.nexus.quartz.internal.task.QuartzTaskInfo - Task 'Cleanup unused nuget blobs from nexus' [assetBlob.cleanup] state change RUNNING -> WAITING (OK)
2026-08-01 10:00:00,336+0000 INFO  [quartz-13-thread-19]  *TASK org.sonatype.nexus.quartz.internal.task.QuartzTaskInfo - Task 'Cleanup unused maven2 blobs from nexus' [assetBlob.cleanup] state change RUNNING -> WAITING (OK)
2026-08-01 10:01:00,062+0000 INFO  [quartz-13-thread-19]  *TASK org.sonatype.nexus.quartz.internal.task.QuartzTaskInfo - Task 'Metric aggregation' [content.usage.aggregation] state change WAITING -> RUNNING
2026-08-01 10:01:00,231+0000 INFO  [quartz-13-thread-19]  *TASK org.sonatype.nexus.quartz.internal.task.QuartzTaskInfo - Task 'Metric aggregation' [content.usage.aggregation] state change RUNNING -> WAITING (OK)
2026-08-01 10:04:58,374+0000 INFO  [SessionValidationThread-1]  *SYSTEM org.apache.shiro.session.mgt.AbstractValidatingSessionManager - Validating all active sessions...
2026-08-01 10:04:58,382+0000 INFO  [SessionValidationThread-1]  *SYSTEM org.apache.shiro.session.mgt.AbstractValidatingSessionManager - Finished session validation.  No sessions were stopped.
2026-08-01 10:29:42,088+0000 INFO  [qtp463657595-168]  admin org.sonatype.nexus.rapture.internal.security.SessionServlet - Deleting session for user: admin
2026-08-01 10:30:00,147+0000 INFO  [quartz-13-thread-19]  *TASK org.sonatype.nexus.quartz.internal.task.QuartzTaskInfo - Task 'Cleanup unused maven2 blobs from nexus' [assetBlob.cleanup] state change WAITING -> RUNNING
2026-08-01 10:30:00,148+0000 INFO  [quartz-13-thread-16]  *TASK org.sonatype.nexus.quartz.internal.task.QuartzTaskInfo - Task 'Cleanup unused nuget blobs from nexus' [assetBlob.cleanup] state change WAITING -> RUNNING
2026-08-01 10:30:00,267+0000 INFO  [quartz-13-thread-16]  *TASK org.sonatype.nexus.quartz.internal.task.QuartzTaskInfo - Task 'Cleanup unused nuget blobs from nexus' [assetBlob.cleanup] state change RUNNING -> WAITING (OK)
2026-08-01 10:30:00,278+0000 INFO  [quartz-13-thread-19]  *TASK org.sonatype.nexus.quartz.internal.task.QuartzTaskInfo - Task 'Cleanup unused maven2 blobs from nexus' [assetBlob.cleanup] state change RUNNING -> WAITING (OK)
2026-08-01 10:34:55,385+0000 INFO  [periodic-10-thread-10]  *SYSTEM org.sonatype.nexus.internal.atlas.SystemInformationGeneratorImpl - Generating system information report
2026-08-01 11:00:00,233+0000 INFO  [quartz-13-thread-19]  *TASK org.sonatype.nexus.quartz.internal.task.QuartzTaskInfo - Task 'Cleanup unused maven2 blobs from nexus' [assetBlob.cleanup] state change WAITING -> RUNNING
2026-08-01 11:00:00,233+0000 INFO  [quartz-13-thread-16]  *TASK org.sonatype.nexus.quartz.internal.task.QuartzTaskInfo - Task 'Cleanup unused nuget blobs from nexus' [assetBlob.cleanup] state change WAITING -> RUNNING
2026-08-01 11:00:00,456+0000 INFO  [quartz-13-thread-16]  *TASK org.sonatype.nexus.quartz.internal.task.QuartzTaskInfo - Task 'Cleanup unused nuget blobs from nexus' [assetBlob.cleanup] state change RUNNING -> WAITING (OK)
2026-08-01 11:00:00,463+0000 INFO  [quartz-13-thread-19]  *TASK org.sonatype.nexus.quartz.internal.task.QuartzTaskInfo - Task 'Cleanup unused maven2 blobs from nexus' [assetBlob.cleanup] state change RUNNING -> WAITING (OK)
2026-08-01 11:01:00,161+0000 INFO  [quartz-13-thread-19]  *TASK org.sonatype.nexus.quartz.internal.task.QuartzTaskInfo - Task 'Metric aggregation' [content.usage.aggregation] state change WAITING -> RUNNING
2026-08-01 11:01:00,356+0000 INFO  [quartz-13-thread-19]  *TASK org.sonatype.nexus.quartz.internal.task.QuartzTaskInfo - Task 'Metric aggregation' [content.usage.aggregation] state change RUNNING -> WAITING (OK)
2026-08-01 11:04:58,369+0000 INFO  [SessionValidationThread-1]  *SYSTEM org.apache.shiro.session.mgt.AbstractValidatingSessionManager - Validating all active sessions...
2026-08-01 11:04:58,387+0000 INFO  [SessionValidationThread-1]  *SYSTEM org.apache.shiro.session.mgt.AbstractValidatingSessionManager - Finished session validation.  No sessions were stopped.
2026-08-01 11:29:17,025+0000 INFO  [qtp463657595-232]  *UNKNOWN org.sonatype.nexus.rapture.internal.security.SessionServlet - Session already expired or user not authenticated
2026-08-01 11:29:21,579+0000 INFO  [qtp463657595-236]  *UNKNOWN org.sonatype.nexus.rapture.internal.security.SessionServlet - Session already expired or user not authenticated
2026-08-01 11:30:00,114+0000 INFO  [quartz-13-thread-16]  *TASK org.sonatype.nexus.quartz.internal.task.QuartzTaskInfo - Task 'Cleanup unused nuget blobs from nexus' [assetBlob.cleanup] state change WAITING -> RUNNING
2026-08-01 11:30:00,114+0000 INFO  [quartz-13-thread-19]  *TASK org.sonatype.nexus.quartz.internal.task.QuartzTaskInfo - Task 'Cleanup unused maven2 blobs from nexus' [assetBlob.cleanup] state change WAITING -> RUNNING
2026-08-01 11:30:00,251+0000 INFO  [quartz-13-thread-16]  *TASK org.sonatype.nexus.quartz.internal.task.QuartzTaskInfo - Task 'Cleanup unused nuget blobs from nexus' [assetBlob.cleanup] state change RUNNING -> WAITING (OK)
2026-08-01 11:30:00,259+0000 INFO  [quartz-13-thread-19]  *TASK org.sonatype.nexus.quartz.internal.task.QuartzTaskInfo - Task 'Cleanup unused maven2 blobs from nexus' [assetBlob.cleanup] state change RUNNING -> WAITING (OK)
2026-08-01 11:44:55,079+0000 INFO  [periodic-10-thread-8]  *SYSTEM org.sonatype.nexus.internal.atlas.SystemInformationGeneratorImpl - Generating system information report
